<html>
<body>
<pre>
<h1>µVision Build Log</h1>
<h2>Tool Versions:</h2>
IDE-Version: ¦ÌVision V5.32.0.0
Copyright (C) 2020 ARM Ltd and ARM Germany GmbH. All rights reserved.
License Information: 1 1, 1, LIC=8VRJ7-EKHYE-63UMB-2EDC5-IEFB9-LUHG3
 
Tool Versions:
Toolchain:       MDK-ARM Plus  Version: 5.32.0.0
Toolchain Path:  D:\A\MDK5.32\ARM\ARMCC\Bin
C Compiler:      Armcc.exe V5.06 update 7 (build 960)
Assembler:       Armasm.exe V5.06 update 7 (build 960)
Linker/Locator:  ArmLink.exe V5.06 update 7 (build 960)
Library Manager: ArmAr.exe V5.06 update 7 (build 960)
Hex Converter:   FromElf.exe V5.06 update 7 (build 960)
CPU DLL:         SARMCM3.DLL V5.32.0.0
Dialog DLL:      DCM.DLL V1.17.3.0
Target DLL:      Segger\JL2CM3.dll V2.99.38.0
Dialog DLL:      TCM.DLL V1.46.0.0
 
<h2>Project:</h2>
H:\inertia_wheel_pendulum\projects\balance_board\balance_mcu\keil_projcet\MDK-ARM\intertia_wheel_pendulum.uvprojx
Project File Date:  01/15/2021

<h2>Output:</h2>
*** Using Compiler 'V5.06 update 7 (build 960)', folder: 'D:\A\MDK5.32\ARM\ARMCC\Bin'
Build target 'intertia_wheel_pendulum'
compiling assert_profile.c...
H:\Common_SDK\common_sdk\profile\debug\assert_profile.c(3): warning:  #550-D: variable "p_assert_adapter"  was set but never used
  static assert_adapter_s * p_assert_adapter = NULL;
H:\Common_SDK\common_sdk\profile\debug\assert_profile.c: 1 warning, 0 errors
compiling battery_profile.c...
H:\Common_SDK\common_sdk\profile\battery\battery_profile.c(3): warning:  #550-D: variable "p_battery_adapter"  was set but never used
  static battery_adapter_s * p_battery_adapter = NULL;
H:\Common_SDK\common_sdk\profile\battery\battery_profile.c: 1 warning, 0 errors
compiling printf_profile.c...
H:\Common_SDK\common_sdk\profile\debug\printf_profile.c(3): warning:  #550-D: variable "p_printf_adapter"  was set but never used
  static printf_adapter_s * p_printf_adapter = NULL;
H:\Common_SDK\common_sdk\profile\debug\printf_profile.c: 1 warning, 0 errors
compiling log_profile.c...
H:\Common_SDK\common_sdk\profile\debug\log_profile.c(3): warning:  #550-D: variable "p_log_adapter"  was set but never used
  static log_adapter_s * p_log_adapter = NULL;
H:\Common_SDK\common_sdk\profile\debug\log_profile.c: 1 warning, 0 errors
compiling device_info_profile.c...
compiling protocol.c...
compiling key.c...
compiling led.c...
compiling pid.c...
compiling motor.c...
H:\Common_SDK\common_sdk\library\driver\motor\motor.c(25): warning:  #940-D: missing return statement at end of non-void function "get_motor_position" 
  }
H:\Common_SDK\common_sdk\library\driver\motor\motor.c(31): warning:  #940-D: missing return statement at end of non-void function "get_motor_speed" 
  }
H:\Common_SDK\common_sdk\library\driver\motor\motor.c: 2 warnings, 0 errors
compiling oled.c...
compiling delay_profile.c...
compiling mpu6050.c...
H:\Common_SDK\common_sdk\library\driver\imu\mpu6050.c(26): warning:  #177-D: function "read_bit"  was declared but never referenced
  static bool read_bit(uint8_t reg, uint8_t bit)
H:\Common_SDK\common_sdk\library\driver\imu\mpu6050.c(42): warning:  #177-D: function "read_bits"  was declared but never referenced
  static uint8_t read_bits(uint8_t reg, uint8_t bit, uint8_t len, uint8_t data)
H:\Common_SDK\common_sdk\library\driver\imu\mpu6050.c: 2 warnings, 0 errors
compiling system_adapter.c...
compiling hardware_platform_adapter.c...
..\..\project_src\system_adapter\hardware_platform\hardware_platform_adapter.c(33): warning:  #188-D: enumerated type mixed with another type
              HAL_GPIO_WritePin(LED_RED_GPIO_Port, LED_RED_Pin, pin_state);
..\..\project_src\system_adapter\hardware_platform\hardware_platform_adapter.c(36): warning:  #188-D: enumerated type mixed with another type
              HAL_GPIO_WritePin(LED_GREEN_GPIO_Port, LED_GREEN_Pin, pin_state);
..\..\project_src\system_adapter\hardware_platform\hardware_platform_adapter.c(219): warning:  #188-D: enumerated type mixed with another type
              HAL_GPIO_WritePin(MOTOR_X_EN_GPIO_Port, MOTOR_X_EN_Pin, en);
..\..\project_src\system_adapter\hardware_platform\hardware_platform_adapter.c(222): warning:  #188-D: enumerated type mixed with another type
              HAL_GPIO_WritePin(MOTOR_Y_EN_GPIO_Port, MOTOR_Y_EN_Pin, en);
..\..\project_src\system_adapter\hardware_platform\hardware_platform_adapter.c(234): warning:  #188-D: enumerated type mixed with another type
              HAL_GPIO_WritePin(MOTOR_X_DIR_GPIO_Port, MOTOR_X_DIR_Pin, dir);
..\..\project_src\system_adapter\hardware_platform\hardware_platform_adapter.c(237): warning:  #188-D: enumerated type mixed with another type
              HAL_GPIO_WritePin(MOTOR_Y_DIR_GPIO_Port, MOTOR_Y_DIR_Pin, dir);
..\..\project_src\system_adapter\hardware_platform\hardware_platform_adapter.c: 6 warnings, 0 errors
linking...
Program Size: Code=15536 RO-data=7988 RW-data=144 ZI-data=1912  
FromELF: creating hex file...
"intertia_wheel_pendulum\intertia_wheel_pendulum.axf" - 0 Error(s), 14 Warning(s).

<h2>Software Packages used:</h2>

Package Vendor: ARM
                http://www.keil.com/pack/ARM.CMSIS.5.7.0.pack
                ARM.CMSIS.5.7.0
                CMSIS (Cortex Microcontroller Software Interface Standard)
   * Component: CORE Version: 5.4.0

Package Vendor: Keil
                http://www.keil.com/pack/Keil.STM32F1xx_DFP.2.3.0.pack
                Keil.STM32F1xx_DFP.2.3.0
                STMicroelectronics STM32F1 Series Device Support, Drivers and Examples

<h2>Collection of Component include folders:</h2>
  .\RTE\_intertia_wheel_pendulum
  D:\A\MDK5.32\ARM\CMSIS\5.7.0\CMSIS\Core\Include
  D:\A\MDK5.32\Keil\STM32F1xx_DFP\2.3.0\Device\Include

<h2>Collection of Component Files used:</h2>

   * Component: ARM::CMSIS:CORE:5.4.0
Build Time Elapsed:  00:00:04
</pre>
</body>
</html>
