<html>
<body>
<pre>
<h1>µVision Build Log</h1>
<h2>Tool Versions:</h2>
IDE-Version: ¦ÌVision V5.30.0.0
Copyright (C) 2020 ARM Ltd and ARM Germany GmbH. All rights reserved.
License Information: y j, 0, LIC=TIVNB-2NBRG-DYEV3-ABC7E-96MJJ-S5Q6I
 
Tool Versions:
Toolchain:       MDK-ARM Plus  Version: 5.30.0.0
Toolchain Path:  D:\B\MDK5\ARM\ARMCC\Bin
C Compiler:      Armcc.exe V5.06 update 6 (build 750)
Assembler:       Armasm.exe V5.06 update 6 (build 750)
Linker/Locator:  ArmLink.exe V5.06 update 6 (build 750)
Library Manager: ArmAr.exe V5.06 update 6 (build 750)
Hex Converter:   FromElf.exe V5.06 update 6 (build 750)
CPU DLL:         SARMCM3.DLL V5.30.0.0
Dialog DLL:      DCM.DLL V1.17.3.0
Target DLL:      Segger\JL2CM3.dll V2.99.38.0
Dialog DLL:      TCM.DLL V1.42.0.0
 
<h2>Project:</h2>
F:\MyWork\inertia_wheel_pendulum\software\intertia_wheel_pendulum\MDK-ARM\intertia_wheel_pendulum.uvprojx
Project File Date:  01/01/2021

<h2>Output:</h2>
*** Using Compiler 'V5.06 update 6 (build 750)', folder: 'D:\B\MDK5\ARM\ARMCC\Bin'
Build target 'intertia_wheel_pendulum'
compiling hardware_platform_adapter.c...
..\..\..\..\Common_SDK\system_adapter\hardware_platform\hardware_platform_adapter.c(33): warning:  #188-D: enumerated type mixed with another type
              HAL_GPIO_WritePin(LED_RED_GPIO_Port, LED_RED_Pin, pin_state);
..\..\..\..\Common_SDK\system_adapter\hardware_platform\hardware_platform_adapter.c(36): warning:  #188-D: enumerated type mixed with another type
              HAL_GPIO_WritePin(LED_GREEN_GPIO_Port, LED_GREEN_Pin, pin_state);
..\..\..\..\Common_SDK\system_adapter\hardware_platform\hardware_platform_adapter.c(219): warning:  #188-D: enumerated type mixed with another type
              HAL_GPIO_WritePin(MOTOR_X_EN_GPIO_Port, MOTOR_X_EN_Pin, en);
..\..\..\..\Common_SDK\system_adapter\hardware_platform\hardware_platform_adapter.c(222): warning:  #188-D: enumerated type mixed with another type
              HAL_GPIO_WritePin(MOTOR_Y_EN_GPIO_Port, MOTOR_Y_EN_Pin, en);
..\..\..\..\Common_SDK\system_adapter\hardware_platform\hardware_platform_adapter.c(234): warning:  #188-D: enumerated type mixed with another type
              HAL_GPIO_WritePin(MOTOR_X_DIR_GPIO_Port, MOTOR_X_DIR_Pin, dir);
..\..\..\..\Common_SDK\system_adapter\hardware_platform\hardware_platform_adapter.c(237): warning:  #188-D: enumerated type mixed with another type
              HAL_GPIO_WritePin(MOTOR_Y_DIR_GPIO_Port, MOTOR_Y_DIR_Pin, dir);
..\..\..\..\Common_SDK\system_adapter\hardware_platform\hardware_platform_adapter.c: 6 warnings, 0 errors
linking...
Program Size: Code=15520 RO-data=7988 RW-data=144 ZI-data=1912  
FromELF: creating hex file...
"intertia_wheel_pendulum\intertia_wheel_pendulum.axf" - 0 Error(s), 6 Warning(s).

<h2>Software Packages used:</h2>

Package Vendor: ARM
                http://www.keil.com/pack/ARM.CMSIS.5.7.0.pack
                ARM.CMSIS.5.7.0
                CMSIS (Cortex Microcontroller Software Interface Standard)
   * Component: CORE Version: 5.4.0

Package Vendor: Keil
                http://www.keil.com/pack/Keil.STM32F1xx_DFP.2.3.0.pack
                Keil.STM32F1xx_DFP.2.3.0
                STMicroelectronics STM32F1 Series Device Support, Drivers and Examples

<h2>Collection of Component include folders:</h2>
  .\RTE\_intertia_wheel_pendulum
  D:\B\MDK5\PACK\ARM\CMSIS\5.7.0\CMSIS\Core\Include
  D:\B\MDK5\PACK\Keil\STM32F1xx_DFP\2.3.0\Device\Include

<h2>Collection of Component Files used:</h2>

   * Component: ARM::CMSIS:CORE:5.4.0
Build Time Elapsed:  00:00:02
</pre>
</body>
</html>
